10.2080 	INFO 	Loaded monitor calibration from ['2025_12_27 10:38', '2025_12_27 13:43']
10.9271 	INFO 	Using renderer 'Intel(R) UHD Graphics 770' for graphics
10.9271 	INFO 	OpenGL version supported by driver is 4..
10.9530 	EXP 	Created window1 = Window(allowGUI=False, allowStencil=False, autoLog=True, backendConf=UNKNOWN, backgroundFit=<method-wrapper '__getattribute__' of attributeSetter object at 0x00000230B07DA8F0>, backgroundImage=<method-wrapper '__getattribute__' of attributeSetter object at 0x00000230B07DA890>, bitsMode=UNKNOWN, blendMode='avg', bpc=(8, 8, 8), color=array([0, 0, 0]), colorSpace='rgb', depthBits=8, fullscr=True, gamma=None, gammaErrorPolicy='raise', infoMsg=UNKNOWN, lms=UNKNOWN, monitor=<psychopy.monitors.calibTools.Monitor object at 0x00000230B08CDF90>, multiSample=False, name='window1', numSamples=2, pos=[np.float64(0.0), np.float64(0.0)], screen=0, size=array([1920, 1080]), stencilBits=0, stereo=False, title='PsychoPy', units='height', useFBO=True, useRetina=False, viewOri=0.0, viewPos=None, viewScale=None, waitBlanking=True, winType='pyglet')
10.9530 	EXP 	window1: backgroundImage = ''
10.9531 	EXP 	window1: backgroundFit = 'none'
11.2100 	EXP 	window1: Attempting to measure frame rate of screen (0) ...
11.2100 	EXP 	window1: recordFrameIntervals = False
11.3105 	EXP 	window1: recordFrameIntervals = True
11.4208 	EXP 	Screen (0) actual frame rate measured at 100.16Hz
11.4208 	EXP 	window1: recordFrameIntervals = False
11.5073 	INFO 	keyboard.Keyboard is using ptb backend.
11.5074 	INFO 	keyboard.Keyboard is using ptb backend.
11.5074 	INFO 	keyboard.Keyboard is using ptb backend.
11.5172 	INFO 	Created stream for speaker device: Headphones (Space Travel 2) (6.0)
11.5179 	INFO 	keyboard.Keyboard is using ptb backend.
11.5179 	INFO 	keyboard.Keyboard is using ptb backend.
11.5205 	INFO 	Created stream for speaker device: Headphones (Space Travel 2) (6.0)
11.5211 	INFO 	keyboard.Keyboard is using ptb backend.
11.5211 	INFO 	keyboard.Keyboard is using ptb backend.
11.5211 	INFO 	keyboard.Keyboard is using ptb backend.
11.5211 	EXP 	encoding_phase: status = STARTED
11.7806 	EXP 	Created instr_text = TextStim(__class__=<class 'psychopy.visual.text.TextStim'>, alignHoriz=method-wrapper(...), alignText='center', alignVert=method-wrapper(...), anchorHoriz='center', anchorVert='center', antialias=True, autoDraw=False, autoLog=True, bold=False, color=array([1., 1., 1.]), colorSpace='rgb', contrast=1.0, depth=0.0, draggable=False, flipHoriz=False, flipVert=False, font='Arial', fontFiles=[], height=np.float64(0.04), italic=False, languageStyle='LTR', name='instr_text', opacity=1, ori=0.0, pos=array([0., 0.]), rgb=UNKNOWN, text=str(...), units='height', win=Window(...), wrapWidth=1)
11.7856 	EXP 	Created text = TextStim(__class__=<class 'psychopy.visual.text.TextStim'>, alignHoriz=method-wrapper(...), alignText='center', alignVert=method-wrapper(...), anchorHoriz='center', anchorVert='center', antialias=True, autoDraw=False, autoLog=True, bold=False, color=array([1., 1., 1.]), colorSpace='rgb', contrast=1.0, depth=0.0, draggable=False, flipHoriz=False, flipVert=False, font='Arial', fontFiles=[], height=np.float64(0.04), italic=False, languageStyle='LTR', name='text', opacity=1, ori=0.0, pos=array([0., 0.]), rgb=UNKNOWN, text=str(...), units='height', win=Window(...), wrapWidth=1)
11.7860 	EXP 	Created prac_visual = TextStim(__class__=<class 'psychopy.visual.text.TextStim'>, alignHoriz=method-wrapper(...), alignText='center', alignVert=method-wrapper(...), anchorHoriz='center', anchorVert='center', antialias=True, autoDraw=False, autoLog=True, bold=False, color=array([1., 1., 1.]), colorSpace='rgb', contrast=1.0, depth=-1.0, draggable=False, flipHoriz=False, flipVert=False, font='Arial', fontFiles=[], height=0.04, italic=False, languageStyle='LTR', name='prac_visual', opacity=1.0, ori=0.0, pos=array([0., 0.]), rgb=UNKNOWN, text='', units='height', win=Window(...), wrapWidth=1)
11.8051 	EXP 	Created prac_icon = ImageStim(__class__=<class 'psychopy.visual.image.ImageStim'>, anchor=('center', 'center'), autoLog=True, color=array([1., 1., 1.]), colorSpace='rgb', contrast=1.0, depth=-2.0, draggable=False, flipHoriz=np.False_, flipVert=np.False_, image='speaker.png', interpolate=True, mask=None, maskParams=None, name='prac_icon', opacity=1.0, ori=0.0, pos=array([0., 0.]), size=array([0.5, 0.5]), texRes=128.0, units='height', win=Window(...))
11.8051 	EXP 	prac_audio: sampleRate = 48000
11.8051 	EXP 	prac_audio: channels = None
11.8145 	EXP 	Sound prac_audio set volume 1.000
11.8180 	EXP 	Created prac_rating_prompt = TextStim(__class__=<class 'psychopy.visual.text.TextStim'>, alignHoriz=method-wrapper(...), alignText='center', alignVert=method-wrapper(...), anchorHoriz='center', anchorVert='center', antialias=True, autoDraw=False, autoLog=True, bold=False, color=array([1., 1., 1.]), colorSpace='rgb', contrast=1.0, depth=-5.0, draggable=False, flipHoriz=False, flipVert=False, font='Arial', fontFiles=[], height=np.float64(0.04), italic=False, languageStyle='LTR', name='prac_rating_prompt', opacity=1, ori=0.0, pos=array([0., 0.]), rgb=UNKNOWN, text=str(...), units='height', win=Window(...), wrapWidth=1)
11.8223 	EXP 	Created orientation = TextStim(__class__=<class 'psychopy.visual.text.TextStim'>, alignHoriz=method-wrapper(...), alignText='center', alignVert=method-wrapper(...), anchorHoriz='center', anchorVert='center', antialias=True, autoDraw=False, autoLog=True, bold=False, color=array([1., 1., 1.]), colorSpace='rgb', contrast=1.0, depth=0.0, draggable=False, flipHoriz=False, flipVert=False, font='Arial', fontFiles=[], height=np.float64(0.04), italic=False, languageStyle='LTR', name='orientation', opacity=1, ori=0.0, pos=array([0., 0.]), rgb=UNKNOWN, text=str(...), units='height', win=Window(...), wrapWidth=1)
11.8227 	EXP 	Created visual_stimulus = TextStim(__class__=<class 'psychopy.visual.text.TextStim'>, alignHoriz=method-wrapper(...), alignText='center', alignVert=method-wrapper(...), anchorHoriz='center', anchorVert='center', antialias=True, autoDraw=False, autoLog=True, bold=False, color=array([1., 1., 1.]), colorSpace='rgb', contrast=1.0, depth=-1.0, draggable=False, flipHoriz=False, flipVert=False, font='Arial', fontFiles=[], height=0.04, italic=False, languageStyle='LTR', name='visual_stimulus', opacity=1.0, ori=0.0, pos=array([0., 0.]), rgb=UNKNOWN, text='', units='height', win=Window(...), wrapWidth=1)
11.8261 	EXP 	Created auditory_icon = ImageStim(__class__=<class 'psychopy.visual.image.ImageStim'>, anchor=('center', 'center'), autoLog=True, color=array([1., 1., 1.]), colorSpace='rgb', contrast=1.0, depth=-2.0, draggable=False, flipHoriz=np.False_, flipVert=np.False_, image='speaker.png', interpolate=True, mask=None, maskParams=None, name='auditory_icon', opacity=1.0, ori=0.0, pos=array([0., 0.]), size=array([0.5, 0.5]), texRes=128.0, units='height', win=Window(...))
11.8261 	EXP 	audio_stim: sampleRate = 48000
11.8261 	EXP 	audio_stim: channels = None
11.8357 	EXP 	Sound audio_stim set volume 1.000
11.8378 	EXP 	Created rating_prompt = TextStim(__class__=<class 'psychopy.visual.text.TextStim'>, alignHoriz=method-wrapper(...), alignText='center', alignVert=method-wrapper(...), anchorHoriz='center', anchorVert='center', antialias=True, autoDraw=False, autoLog=True, bold=False, color=array([1., 1., 1.]), colorSpace='rgb', contrast=1.0, depth=-5.0, draggable=False, flipHoriz=False, flipVert=False, font='Arial', fontFiles=[], height=np.float64(0.04), italic=False, languageStyle='LTR', name='rating_prompt', opacity=1, ori=0.0, pos=array([0., 0.]), rgb=UNKNOWN, text=str(...), units='height', win=Window(...), wrapWidth=1)
11.8415 	EXP 	Created break_text = TextStim(__class__=<class 'psychopy.visual.text.TextStim'>, alignHoriz=method-wrapper(...), alignText='center', alignVert=method-wrapper(...), anchorHoriz='center', anchorVert='center', antialias=True, autoDraw=False, autoLog=True, bold=False, color=array([1., 1., 1.]), colorSpace='rgb', contrast=1.0, depth=-1.0, draggable=False, flipHoriz=False, flipVert=False, font='Arial', fontFiles=[], height=np.float64(0.04), italic=False, languageStyle='LTR', name='break_text', opacity=1, ori=0.0, pos=array([0., 0.]), rgb=UNKNOWN, text=str(...), units='height', win=Window(...), wrapWidth=1)
11.8458 	EXP 	Created end_text = TextStim(__class__=<class 'psychopy.visual.text.TextStim'>, alignHoriz=method-wrapper(...), alignText='center', alignVert=method-wrapper(...), anchorHoriz='center', anchorVert='center', antialias=True, autoDraw=False, autoLog=True, bold=False, color=array([1., 1., 1.]), colorSpace='rgb', contrast=1.0, depth=0.0, draggable=False, flipHoriz=False, flipVert=False, font='Arial', fontFiles=[], height=np.float64(0.04), italic=False, languageStyle='LTR', name='end_text', opacity=1, ori=0.0, pos=array([0., 0.]), rgb=UNKNOWN, text=str(...), units='height', win=Window(...), wrapWidth=1)
0.0046 	INFO 	Keyboard events cleared
0.0046 	EXP 	instr_text: autoDraw = True
26.1130 	EXP 	Device response: <KeyPress from None: t=26.060228800000914, value=space, duration=None>
26.1141 	DATA 	Keypress: space
26.1158 	INFO 	Keyboard events cleared
26.1158 	EXP 	instr_text: autoDraw = False
26.1158 	EXP 	text: autoDraw = True
26.2420 	EXP 	Device response: <KeyPress from None: t=26.060228800000914, value=space, duration=0.17609779999474995>
31.2932 	DATA 	Keypress: space
31.3012 	EXP 	Device response: <KeyPress from None: t=31.292630899995856, value=space, duration=None>
31.3184 	EXP 	Imported practice_encoding.csv as conditions, 6 conditions, 3 params
31.3186 	EXP 	New trial (rep=0, index=0): <Trial 0 (0 in rep 0) data={'definition': 'A gray giant with a hose', 'word': 'ELEPHANT', 'modality': 'auditory', 'thisN': 0, 'thisTrialN': 0, 'thisRepN': 0}>
31.5430 	INFO 	saved data to D:\Remember_Know\data\wow_encoding_phase_2026-03-24_11h34.45.096.psydat
31.5435 	INFO 	saved data to 'D:\\Remember_Know\\data\\wow_encoding_phase_2026-03-24_11h34.45.096.csv'
31.5464 	WARNING 	Stopping key buffers but this could be dangerous ifother keyboards rely on the same.
31.6220 	WARNING 	Stopping key buffers but this could be dangerous ifother keyboards rely on the same.
31.6221 	WARNING 	Stopping key buffers but this could be dangerous ifother keyboards rely on the same.
31.6221 	WARNING 	Stopping key buffers but this could be dangerous ifother keyboards rely on the same.
31.6221 	WARNING 	Stopping key buffers but this could be dangerous ifother keyboards rely on the same.
31.6221 	WARNING 	Stopping key buffers but this could be dangerous ifother keyboards rely on the same.
31.6222 	WARNING 	Stopping key buffers but this could be dangerous ifother keyboards rely on the same.
31.6222 	WARNING 	Stopping key buffers but this could be dangerous ifother keyboards rely on the same.
